// Jest Snapshot v1, https://goo.gl/fbAQLP

exports[`Quote renders correctly 1`] = `
Array [
  <div>
    <div
      className="flex justify-between px-28 mt-10 mb-16"
    >
      <div>
        <h1
          className="text-4xl font-medium uppercase"
        >
          Math Magicians
        </h1>
      </div>
      <div
        className="text-2xl flex w-96 justify-between underline text-blue-700"
      >
        <a
          className="hover:text-blue-400 duration-150"
          href="/"
          onClick={[Function]}
        >
          Home 
        </a>
        <a
          className="hover:text-blue-400 duration-150"
          href="/calculator"
          onClick={[Function]}
        >
          Calculator 
        </a>
        <a
          className="hover:text-blue-400 duration-150"
          href="/quote"
          onClick={[Function]}
        >
          Quote 
        </a>
      </div>
    </div>
  </div>,
  <div
    className="m-auto px-56 mt-60 text-center"
  >
    <div>
      <p
        className="text-4xl font-extralight italic"
      />
      <h4
        className="text-3xl pt-3"
      >
        Anonymous
      </h4>
    </div>
  </div>,
]
`;
